// Jest Snapshot v1, https://goo.gl/fbAQLP

exports[`Notifications Container renders final 1`] = `
<div>
  <h5
    className="ui dividing header"
  >
    <i
      aria-hidden="true"
      className="bell icon"
    />
    <div
      className="content"
    >
      Notifications
    </div>
  </h5>
  <div
    className="ui divided relaxed list"
    role="list"
  >
    <div
      className="item"
      onClick={[Function]}
      role="listitem"
    >
      <i
        aria-hidden="true"
        className="icon"
      >
        <i
          aria-hidden="true"
          className="grey eye icon sc-bwzfXH kZUMPF"
          onClick={[Function]}
          title="Mark as viewed"
        />
      </i>
      <div
        className="content"
      >
        <div>
          <span
            className="sc-bdVaJa cWCCxy"
          >
            2 months ago
          </span>
           ·
           
          <a
            href="/process/process-name"
            onClick={[Function]}
          >
            Notification Text
          </a>
        </div>
      </div>
    </div>
    <div
      className="item"
      onClick={[Function]}
      role="listitem"
    >
      <i
        aria-hidden="true"
        className="icon"
      >
        <i
          aria-hidden="true"
          className="grey eye icon sc-bwzfXH kZUMPF"
          onClick={[Function]}
          title="Mark as viewed"
        />
      </i>
      <div
        className="content"
      >
        <div>
          <span
            className="sc-bdVaJa cWCCxy"
          >
            2 months ago
          </span>
           ·
           
          <a
            href="/process/process-name"
            onClick={[Function]}
          >
            Notification Text
          </a>
        </div>
      </div>
    </div>
    <div
      className="item"
      onClick={[Function]}
      role="listitem"
    >
      <i
        aria-hidden="true"
        className="icon"
      >
        <i
          aria-hidden="true"
          className="grey eye icon sc-bwzfXH kZUMPF"
          onClick={[Function]}
          title="Mark as viewed"
        />
      </i>
      <div
        className="content"
      >
        <div>
          <span
            className="sc-bdVaJa cWCCxy"
          >
            2 months ago
          </span>
           ·
           
          <a
            href="/process/process-name"
            onClick={[Function]}
          >
            Notification Text
          </a>
        </div>
      </div>
    </div>
    <div
      className="item"
      onClick={[Function]}
      role="listitem"
    >
      <i
        aria-hidden="true"
        className="icon"
      >
        <i
          aria-hidden="true"
          className="grey eye icon sc-bwzfXH kZUMPF"
          onClick={[Function]}
          title="Mark as viewed"
        />
      </i>
      <div
        className="content"
      >
        <div>
          <span
            className="sc-bdVaJa cWCCxy"
          >
            2 months ago
          </span>
           ·
           
          <a
            href="/process/process-name"
            onClick={[Function]}
          >
            Notification Text
          </a>
        </div>
      </div>
    </div>
    <div
      className="item"
      onClick={[Function]}
      role="listitem"
    >
      <i
        aria-hidden="true"
        className="icon"
      >
        <i
          aria-hidden="true"
          className="grey eye icon sc-bwzfXH kZUMPF"
          onClick={[Function]}
          title="Mark as viewed"
        />
      </i>
      <div
        className="content"
      >
        <div>
          <span
            className="sc-bdVaJa cWCCxy"
          >
            2 months ago
          </span>
           ·
           
          <a
            href="/process/process-name"
            onClick={[Function]}
          >
            Notification Text
          </a>
        </div>
      </div>
    </div>
  </div>
  <button
    className="ui red icon left labeled button"
    onClick={[Function]}
    role="button"
  >
    <i
      aria-hidden="true"
      className="trash icon"
    />
    Clear All
  </button>
</div>
`;

exports[`Notifications Container renders loading 1`] = `
<div>
  Loading...
</div>
`;
