// Jest Snapshot v1, https://goo.gl/fbAQLP

exports[`Notifications Container renders final 1`] = `
<div
  className="ui error message"
>
  <div
    className="header"
  >
    Fatal Error ☠️
  </div>
  <div
    className="content"
  >
    <div
      style={
        Object {
          "fontWeight": "bold",
          "marginTop": "6px",
        }
      }
    >
      "Invariant Violation: Element type is invalid: expected a string (for built-in components) or a class/function (for composite components) but got: undefined. You likely forgot to export your component from the file it's defined in, or you might have mixed up default and named imports.\\n\\nCheck the render method of \`NotificationsListView\`."
    </div>
    <pre
      style={
        Object {
          "marginTop": "-18px",
        }
      }
    >
      
    in div (created by List)
    in List (created by NotificationsListView)
    in NotificationsListView (created by inject-NotificationsListView-with-context)
    in inject-NotificationsListView-with-context (created by NotificationsQuery)
    in NotificationsQuery
    in Unknown
    in div
    in ErrorBoundary
    in ApolloProvider
    in Provider
    in Unknown
    </pre>
  </div>
</div>
`;

exports[`Notifications Container renders loading 1`] = `
<div>
  Loading...
</div>
`;
