// Jest Snapshot v1, https://goo.gl/fbAQLP

exports[`Notifications Container renders final 1`] = `
<div
  className="ui segment"
>
  <h5
    className="ui header"
  >
    <i
      aria-hidden="true"
      className="bell icon"
    />
    <div
      className="content"
    >
      Notifications
    </div>
  </h5>
  <div
    className="ui divided list sc-bwzfXH flOgBY"
    role="list"
  >
    <div>
      <div
        className="item"
        onClick={[Function]}
        role="listitem"
      >
        <span
          className="sc-bdVaJa cWCCxy"
        >
          a few seconds ago
        </span>
         · 
      </div>
    </div>
    <div>
      <div
        className="item"
        onClick={[Function]}
        role="listitem"
      >
        <span
          className="sc-bdVaJa cWCCxy"
        >
          a few seconds ago
        </span>
         · 
      </div>
    </div>
  </div>
</div>
`;
