// Jest Snapshot v1, https://goo.gl/fbAQLP

exports[`Process Definition List Container renders data 1`] = `
<div>
  <div
    className="sc-bxivhb bwznVz"
  >
    4 processes available
  </div>
  <div
    className="ui header"
  >
    <i
      aria-hidden="true"
      className="tasks icon"
    />
    <div
      className="content"
    >
      Company Processes
      <div
        className="sub header"
      >
        Find and execute a new company process
      </div>
    </div>
  </div>
  <div
    className="ui divided relaxed list sc-htpNat YvHLN"
    role="list"
  >
    <div
      className="item"
      onClick={[Function]}
      role="listitem"
    >
      <div
        className="right floated content"
      >
        <button
          className="ui primary button"
          onClick={[Function]}
          role="button"
        >
          <i
            aria-hidden="true"
            className="rocket icon"
          />
          Launch
        </button>
      </div>
      <i
        aria-hidden="true"
        className="briefcase icon middle aligned sc-bwzfXH gKBxkO"
      />
      <div
        className="top aligned content"
      >
        <a
          className="header"
          href="/process/travel-process/preview/information/1"
          onClick={[Function]}
        >
          Travel Process
        </a>
        <div
          className="description"
        >
          Lorem ipsum dolor sit amet, consectetur adipiscing elit, sed do eiusmod tempor incididunt ut labore et dolore magna aliqua. Ut enim ad minim veniam, quis nostrud exercitation ullamco laboris nisi ut aliquip ex ea commodo consequat. Duis aute irure dolor in reprehenderit in voluptate velit esse cillum dolore eu fugiat nulla pariatur. Excepteur sint occaecat cupidatat non proident, sunt in culpa qui officia deserunt mollit anim id est laborum.
        </div>
      </div>
    </div>
    <div
      className="item"
      onClick={[Function]}
      role="listitem"
    >
      <div
        className="right floated content"
      >
        <button
          className="ui primary button"
          onClick={[Function]}
          role="button"
        >
          <i
            aria-hidden="true"
            className="rocket icon"
          />
          Launch
        </button>
      </div>
      <i
        aria-hidden="true"
        className="money icon middle aligned sc-bwzfXH gKBxkO"
      />
      <div
        className="top aligned content"
      >
        <a
          className="header"
          href="/process/purchase-process/preview/information/2"
          onClick={[Function]}
        >
          Purchase Process
        </a>
        <div
          className="description"
        >
          Lorem ipsum dolor sit amet, consectetur adipiscing elit, sed do eiusmod tempor incididunt ut labore et dolore magna aliqua. Ut enim ad minim veniam, quis nostrud exercitation ullamco laboris nisi ut aliquip ex ea commodo consequat. Duis aute irure dolor in reprehenderit in voluptate velit esse cillum dolore eu fugiat nulla pariatur. Excepteur sint occaecat cupidatat non proident, sunt in culpa qui officia deserunt mollit anim id est laborum.
        </div>
      </div>
    </div>
    <div
      className="item"
      onClick={[Function]}
      role="listitem"
    >
      <div
        className="right floated content"
      >
        <button
          className="ui primary button"
          onClick={[Function]}
          role="button"
        >
          <i
            aria-hidden="true"
            className="rocket icon"
          />
          Launch
        </button>
      </div>
      <i
        aria-hidden="true"
        className="money bill alternate outline icon middle aligned sc-bwzfXH gKBxkO"
      />
      <div
        className="top aligned content"
      >
        <a
          className="header"
          href="/process/sales-process/preview/information/3"
          onClick={[Function]}
        >
          Sales Process
        </a>
        <div
          className="description"
        >
          Lorem ipsum dolor sit amet, consectetur adipiscing elit, sed do eiusmod tempor incididunt ut labore et dolore magna aliqua. Ut enim ad minim veniam, quis nostrud exercitation ullamco laboris nisi ut aliquip ex ea commodo consequat. Duis aute irure dolor in reprehenderit in voluptate velit esse cillum dolore eu fugiat nulla pariatur. Excepteur sint occaecat cupidatat non proident, sunt in culpa qui officia deserunt mollit anim id est laborum.
        </div>
      </div>
    </div>
    <div
      className="item"
      onClick={[Function]}
      role="listitem"
    >
      <div
        className="right floated content"
      >
        <button
          className="ui primary button"
          onClick={[Function]}
          role="button"
        >
          <i
            aria-hidden="true"
            className="rocket icon"
          />
          Launch
        </button>
      </div>
      <i
        aria-hidden="true"
        className="user circle icon middle aligned sc-bwzfXH gKBxkO"
      />
      <div
        className="top aligned content"
      >
        <a
          className="header"
          href="/process/human-resource-process/preview/information/4"
          onClick={[Function]}
        >
          Human Resource Process
        </a>
        <div
          className="description"
        >
          Lorem ipsum dolor sit amet, consectetur adipiscing elit, sed do eiusmod tempor incididunt ut labore et dolore magna aliqua. Ut enim ad minim veniam, quis nostrud exercitation ullamco laboris nisi ut aliquip ex ea commodo consequat. Duis aute irure dolor in reprehenderit in voluptate velit esse cillum dolore eu fugiat nulla pariatur. Excepteur sint occaecat cupidatat non proident, sunt in culpa qui officia deserunt mollit anim id est laborum.
        </div>
      </div>
    </div>
  </div>
</div>
`;

exports[`Process Definition List Container renders error 1`] = `
<div>
  <div>
    <div
      className="ui negative message"
    >
      <div
        className="content"
      >
        <div
          className="header"
        >
          👾 Unexpected Error. We apologise for any inconvenience. Please contact your admins with the message below.
        </div>
        <div
          className="ui list"
          role="list"
        >
          <div
            className="item"
            onClick={[Function]}
            role="listitem"
          >
            This is some error
          </div>
        </div>
      </div>
    </div>
  </div>
</div>
`;

exports[`Process Definition List Container renders loading 1`] = `
<div>
  <div
    className="sc-bdVaJa cpoyeY"
  >
    <div
      className="ui tiny active inline loader"
    />
     
     Loading ...
  </div>
</div>
`;
