// Jest Snapshot v1, https://goo.gl/fbAQLP

exports[`Resource Search renders default view 1`] = `
<div
  className="item"
  onClick={[Function]}
  role="listitem"
>
  <i
    aria-hidden="true"
    className="file outline icon middle aligned"
  />
  <div
    className="content"
  >
    <a
      className="header"
    >
      Travel Request Form
    </a>
    <a
      className="description"
    >
      Submitted by 
      Tomas Trescak
       · 
      International Travel Request
       ·
       
      in 9 years
    </a>
  </div>
</div>
`;
