// Jest Snapshot v1, https://goo.gl/fbAQLP

exports[`Headers Authorised renders correctly 1`] = `
<div
  className="sc-bwzfXH kRBEAi"
>
  <div
    className="ui secondary sc-bxivhb iaExqx menu"
  >
    <div
      className="item"
      onClick={[Function]}
    >
      <a
        aria-current="page"
        href="/"
        onClick={[Function]}
      >
        <img
          alt="logo"
          className="sc-bdVaJa kPmfWy"
          src="file"
        />
      </a>
    </div>
    <div
      className="item sc-bZQynM gDoDjc"
      onClick={[Function]}
    >
      <div
        className="ui icon input sc-htpNat cIYGEn"
      >
        <input
          onChange={[Function]}
          placeholder="Find Process..."
          type="text"
        />
        <i
          aria-hidden="true"
          className="search icon"
        />
      </div>
    </div>
    <div
      className="menu wideMenu"
    >
      <a
        className="blue item"
        href="/process/create"
        onClick={[Function]}
      >
        <i
          aria-hidden="true"
          className="plus icon"
        />
        Create
      </a>
      <a
        className="item"
        href="/process/running"
        onClick={[Function]}
      >
        Running
      </a>
      <a
        className="item"
        href="/process/finished"
        onClick={[Function]}
      >
        Finished
      </a>
      <a
        className="item"
        href="/process/all"
        onClick={[Function]}
      >
        All
      </a>
    </div>
    <div
      className="right menu"
    >
      <div
        className="item"
        onClick={[Function]}
      >
        0
      </div>
    </div>
  </div>
  <div
    className="sc-ifAKCX jCdxYb"
  >
    <div
      className="ui blue borderless pointing secondary sc-EHOje jKxpTS menu"
    >
      <a
        className="blue item"
        href="/process/create"
        onClick={[Function]}
      >
        <i
          aria-hidden="true"
          className="plus icon"
        />
        Create
      </a>
      <a
        className="item"
        href="/process/running"
        onClick={[Function]}
      >
        Running
      </a>
      <a
        className="item"
        href="/process/finished"
        onClick={[Function]}
      >
        Finished
      </a>
      <a
        className="item"
        href="/process/all"
        onClick={[Function]}
      >
        All
      </a>
    </div>
  </div>
</div>
`;
