// Jest Snapshot v1, https://goo.gl/fbAQLP

exports[`Headers Anonymous renders correctly 1`] = `
<div
  className="sc-bwzfXH kRBEAi"
>
  <div
    className="ui borderless sc-htpNat iMbilj menu"
  >
    <div
      className="item"
      onClick={[Function]}
    >
      <a
        href="/"
      >
        <img
          alt="logo"
          className="sc-bdVaJa kPmfWy"
          src="file"
        />
      </a>
    </div>
    <div
      className="right menu"
    />
  </div>
</div>
`;
