// Jest Snapshot v1, https://goo.gl/fbAQLP

exports[`Bpmn Process Resolver fails 1`] = `1`;

exports[`Bpmn Process Resolver tests owner resolver 123 1`] = `
Object {
  "data": Object {
    "bpmnProcessInstanceQuery": Object {
      "comments": Array [
        Object {
          "date": "2018-03-09T13:00:00.000Z",
          "replyTo": null,
          "text": "12345",
          "user": null,
        },
      ],
      "data": "{}",
      "dateFinished": null,
      "dateStarted": "2018-02-01T13:00:00.000Z",
      "log": Array [],
      "owner": Object {
        "name": "Tomi",
      },
      "process": null,
      "status": "Running",
      "tasks": Array [],
    },
  },
}
`;
