// Jest Snapshot v1, https://goo.gl/fbAQLP

exports[`Home Logged In renders for logged in user 1`] = `
<div
  className="sc-iwsKbI kahTAg"
>
  <div
    style={
      Object {
        "width": "400px",
      }
    }
  >
    <div
      className="ui secondary segment sc-gZMcBi gQPKdT"
    >
      <div
        className="ui dividing header"
      >
        <i
          aria-hidden="true"
          className="lock icon"
        />
        <div
          className="content"
        >
          Login to CORPIX
        </div>
      </div>
      <form
        className="ui form"
        onSubmit={[Function]}
      >
        <div
          className="field"
        >
          <label>
            User
          </label>
          <div
            className="ui fluid icon input"
          >
            <input
              autoComplete="username"
              name="user"
              onChange={[Function]}
              placeholder="Your Staff ID"
              type="text"
              value=""
            />
            <i
              aria-hidden="true"
              className="user icon"
            />
          </div>
        </div>
        <div
          className="field"
        >
          <label>
            Password
          </label>
          <div
            className="ui fluid icon input"
          >
            <input
              autoComplete="current-password"
              name="password"
              onChange={[Function]}
              placeholder="Your Password"
              type="password"
              value=""
            />
            <i
              aria-hidden="true"
              className="lock icon"
            />
          </div>
        </div>
        <div
          style={
            Object {
              "textAlign": "center",
            }
          }
        >
          <button
            className="ui primary button sc-htoDjs dhyhDz"
            onClick={[Function]}
            role="button"
          >
            <i
              aria-hidden="true"
              className="thumbs up icon"
            />
            Login
          </button>
          <a
            className="sc-dnqmqq bFBsXy"
            href="https://www.westernsydney.edu.au/information_technology_services/its/servicedesk/password_expiry_faq"
            target="_blank"
          >
            Forgot Password?
          </a>
        </div>
      </form>
    </div>
  </div>
</div>
`;

exports[`Home Logged Out renders for logged out user 1`] = `
<div
  className="sc-iwsKbI kahTAg"
>
  <div
    style={
      Object {
        "width": "400px",
      }
    }
  >
    <div
      className="ui secondary segment sc-gZMcBi gQPKdT"
    >
      <div
        className="ui dividing header"
      >
        <i
          aria-hidden="true"
          className="lock icon"
        />
        <div
          className="content"
        >
          Login to CORPIX
        </div>
      </div>
      <form
        className="ui form"
        onSubmit={[Function]}
      >
        <div
          className="field"
        >
          <label>
            User
          </label>
          <div
            className="ui fluid icon input"
          >
            <input
              autoComplete="username"
              name="user"
              onChange={[Function]}
              placeholder="Your Staff ID"
              type="text"
              value=""
            />
            <i
              aria-hidden="true"
              className="user icon"
            />
          </div>
        </div>
        <div
          className="field"
        >
          <label>
            Password
          </label>
          <div
            className="ui fluid icon input"
          >
            <input
              autoComplete="current-password"
              name="password"
              onChange={[Function]}
              placeholder="Your Password"
              type="password"
              value=""
            />
            <i
              aria-hidden="true"
              className="lock icon"
            />
          </div>
        </div>
        <div
          style={
            Object {
              "textAlign": "center",
            }
          }
        >
          <button
            className="ui primary button sc-htoDjs dhyhDz"
            onClick={[Function]}
            role="button"
          >
            <i
              aria-hidden="true"
              className="thumbs up icon"
            />
            Login
          </button>
          <a
            className="sc-dnqmqq bFBsXy"
            href="https://www.westernsydney.edu.au/information_technology_services/its/servicedesk/password_expiry_faq"
            target="_blank"
          >
            Forgot Password?
          </a>
        </div>
      </form>
    </div>
  </div>
</div>
`;
